---
source: src/gpu_handle/power_profile_mode.rs
expression: table
---
modes:
  0: BOOTUP_DEFAULT
  1: 3D_FULL_SCREEN
  2: POWER_SAVING
  3: VIDEO
  4: VR
  5: COMPUTE
  6: CUSTOM
active: 0

