---
source: src/gpu_handle/overdrive/vega20.rs
expression: commands
---
- s 1 2800
- m 1 1075

