---
source: src/gpu_handle/overdrive/rdna.rs
expression: commands
---
- s 1 3000
- s 0 3000
- s 1 3000
- m 1 1350
- m 0 1350
- m 1 1350
