---
source: src/gpu_handle/overdrive/rdna.rs
expression: table.get_commands(&table.clone().into()).unwrap()
---
- s 1 2400
- m 1 1050
- vo 10
