---
source: src/gpu_handle/overdrive/vega20.rs
expression: table.get_commands().unwrap()
---
- s 1 2400
- m 1 1050
- vo 10

