---
source: src/gpu_handle/overdrive/rdna.rs
expression: commands
---
- s 0 800
- s 1 2400
- m 1 900
