---
source: src/gpu_handle/overdrive/rdna.rs
expression: table
---
current_sclk_range:
  min: 500
  max: 2314
sclk_offset: ~
rdna4_sclk_offset_workaround: false
current_mclk_range:
  min: 97
  max: 1000
vddc_curve: []
voltage_offset: 0
od_range:
  sclk:
    min: 500
    max: 2600
  sclk_offset: ~
  mclk:
    min: 674
    max: 1075
  curve_sclk_points: []
  curve_voltage_points: []
  voltage_offset: ~
