---
source: src/gpu_handle/overdrive/rdna.rs
expression: commands
---
- s 1 2800
- m 1 1075
