---
source: src/gpu_handle/overdrive/rdna.rs
expression: table.get_commands(&table.clone().into()).unwrap()
---
- s 200
- vo -50
