---
source: src/gpu_handle/overdrive/rdna.rs
expression: table
---
current_sclk_range:
  min: 500
  max: 3005
sclk_offset: ~
current_mclk_range:
  min: 97
  max: 1250
vddc_curve: []
voltage_offset: ~
od_range:
  sclk:
    min: 500
    max: 5000
  sclk_offset: ~
  mclk:
    min: 97
    max: 1500
  curve_sclk_points: []
  curve_voltage_points:
    - min: -450
      max: 0
  voltage_offset: ~
