---
source: src/gpu_handle/overdrive/vega20.rs
expression: table
---
current_sclk_range:
  min: 500
  max: 2314
current_mclk_range:
  min: 97
  max: 1000
vddc_curve: []
voltage_offset: 0
od_range:
  sclk:
    min: 500
    max: 2600
  mclk:
    min: 674
    max: 1075
  voltage_points: []

