---
source: src/gpu_handle/overdrive/rdna.rs
expression: commands
---
- s 0 500
- s 1 2499
- m 0 97
- m 1 1000
- vo -10
